Archive member included to satisfy reference by file (symbol)

../Middlewares/ST/AI/Lib\NetworkRuntime800_CM4_GCC.a(ai_platform.o)
                              ./X-CUBE-AI/App/activity_detection.o (ai_buffer_array_item_set_address)
../Middlewares/ST/AI/Lib\NetworkRuntime800_CM4_GCC.a(ai_platform_interface.o)
                              ./X-CUBE-AI/App/activity_detection.o (ai_platform_get_weights_map)
../Middlewares/ST/AI/Lib\NetworkRuntime800_CM4_GCC.a(core_mem_manager.o)
                              ../Middlewares/ST/AI/Lib\NetworkRuntime800_CM4_GCC.a(ai_platform_interface.o) (core_mem_alloc)
../Middlewares/ST/AI/Lib\NetworkRuntime800_CM4_GCC.a(core_common.o)
                              ../Middlewares/ST/AI/Lib\NetworkRuntime800_CM4_GCC.a(ai_platform_interface.o) (core_init)
../Middlewares/ST/AI/Lib\NetworkRuntime800_CM4_GCC.a(layers_conv2d_generic_float.o)
                              ./X-CUBE-AI/App/activity_detection.o (forward_conv2d)
../Middlewares/ST/AI/Lib\NetworkRuntime800_CM4_GCC.a(layers_nl_generic_float.o)
                              ./X-CUBE-AI/App/activity_detection.o (nl_func_relu_array_f32)
../Middlewares/ST/AI/Lib\NetworkRuntime800_CM4_GCC.a(layers.o)
                              ../Middlewares/ST/AI/Lib\NetworkRuntime800_CM4_GCC.a(ai_platform_interface.o) (ai_check_custom_types)
../Middlewares/ST/AI/Lib\NetworkRuntime800_CM4_GCC.a(lite_dense_if32.o)
                              ../Middlewares/ST/AI/Lib\NetworkRuntime800_CM4_GCC.a(layers_conv2d_generic_float.o) (lite_dense_if32of32wf32)
../Middlewares/ST/AI/Lib\NetworkRuntime800_CM4_GCC.a(ai_math_helpers.o)
                              ../Middlewares/ST/AI/Lib\NetworkRuntime800_CM4_GCC.a(layers_nl_generic_float.o) (ai_math_sqrt)
../Middlewares/ST/AI/Lib\NetworkRuntime800_CM4_GCC.a(st_convolve_reference.o)
                              ../Middlewares/ST/AI/Lib\NetworkRuntime800_CM4_GCC.a(ai_math_helpers.o) (align_factor)
../Middlewares/ST/AI/Lib\NetworkRuntime800_CM4_GCC.a(arm_mat_init_f32.o)
                              ../Middlewares/ST/AI/Lib\NetworkRuntime800_CM4_GCC.a(layers_conv2d_generic_float.o) (arm_mat_init_f32)
../Middlewares/ST/AI/Lib\NetworkRuntime800_CM4_GCC.a(ai_datatypes_internal.o)
                              ../Middlewares/ST/AI/Lib\NetworkRuntime800_CM4_GCC.a(ai_platform_interface.o) (ai_version_get)
../Middlewares/ST/AI/Lib\NetworkRuntime800_CM4_GCC.a(ai_datatypes_format.o)
                              ../Middlewares/ST/AI/Lib\NetworkRuntime800_CM4_GCC.a(ai_platform_interface.o) (ai_array_to_buffer_fmt)
../Middlewares/ST/AI/Lib\NetworkRuntime800_CM4_GCC.a(layers_conv2d_stm32_integer.o)
                              ../Middlewares/ST/AI/Lib\NetworkRuntime800_CM4_GCC.a(layers.o) (get_conv2d_scratch_size)
../Middlewares/ST/AI/Lib\NetworkRuntime800_CM4_GCC.a(st_ssua8_convolve_dw.o)
                              ../Middlewares/ST/AI/Lib\NetworkRuntime800_CM4_GCC.a(layers_conv2d_stm32_integer.o) (st_ssua8_conv_dw_Wadapt)
../Middlewares/ST/AI/Lib\NetworkRuntime800_CM4_GCC.a(st_uaua8_ch_convolve.o)
                              ../Middlewares/ST/AI/Lib\NetworkRuntime800_CM4_GCC.a(layers_conv2d_stm32_integer.o) (st_uaua8_ch_convolve_rank1upd)
../Middlewares/ST/AI/Lib\NetworkRuntime800_CM4_GCC.a(st_ssua8_ch_convolve.o)
                              ../Middlewares/ST/AI/Lib\NetworkRuntime800_CM4_GCC.a(layers_conv2d_stm32_integer.o) (st_ssua8_ch_convolve_rank1upd)
../Middlewares/ST/AI/Lib\NetworkRuntime800_CM4_GCC.a(st_uaua8_convolve.o)
                              ../Middlewares/ST/AI/Lib\NetworkRuntime800_CM4_GCC.a(layers_conv2d_stm32_integer.o) (st_uaua8_convolve_rank1upd)
../Middlewares/ST/AI/Lib\NetworkRuntime800_CM4_GCC.a(st_ssua8_convolve.o)
                              ../Middlewares/ST/AI/Lib\NetworkRuntime800_CM4_GCC.a(layers_conv2d_stm32_integer.o) (st_ssua8_convolve_rank1upd)
../Middlewares/ST/AI/Lib\NetworkRuntime800_CM4_GCC.a(st_uaua8_ch_convolve_rgb.o)
                              ../Middlewares/ST/AI/Lib\NetworkRuntime800_CM4_GCC.a(layers_conv2d_stm32_integer.o) (st_uaua8_ch_convolve_rgb)
../Middlewares/ST/AI/Lib\NetworkRuntime800_CM4_GCC.a(st_uaua8_ch_convolve_dw.o)
                              ../Middlewares/ST/AI/Lib\NetworkRuntime800_CM4_GCC.a(layers_conv2d_stm32_integer.o) (st_uaua8_ch_conv_dw_Wadapt)
../Middlewares/ST/AI/Lib\NetworkRuntime800_CM4_GCC.a(st_ssua8_ch_convolve_rgb.o)
                              ../Middlewares/ST/AI/Lib\NetworkRuntime800_CM4_GCC.a(layers_conv2d_stm32_integer.o) (st_ssua8_ch_convolve_rgb)
../Middlewares/ST/AI/Lib\NetworkRuntime800_CM4_GCC.a(st_uaua8_convolve_rgb.o)
                              ../Middlewares/ST/AI/Lib\NetworkRuntime800_CM4_GCC.a(layers_conv2d_stm32_integer.o) (st_uaua8_convolve_rgb)
../Middlewares/ST/AI/Lib\NetworkRuntime800_CM4_GCC.a(st_ssua8_convolve_rgb.o)
                              ../Middlewares/ST/AI/Lib\NetworkRuntime800_CM4_GCC.a(layers_conv2d_stm32_integer.o) (st_ssua8_convolve_rgb)
[...]
Memory Configuration

Name             Origin             Length             Attributes
CCMRAM           0x0000000010000000 0x0000000000010000 xrw
RAM              0x0000000020000000 0x000000000001c000 xrw
FLASH            0x0000000008000000 0x0000000000100000 xr
*default*        0x0000000000000000 0xffffffffffffffff

Linker script and memory map

LOAD c:/st/stm32cubeide_1.11.0/stm32cubeide/plugins/com.st.stm32cube.ide.mcu.externaltools.gnu-tools-for-stm32.10.3-2021.10.win32_1.0.100.202210260954/tools/bin/../lib/gcc/arm-none-eabi/10.3.1/thumb/v7e-m+fp/hard/crti.o
LOAD c:/st/stm32cubeide_1.11.0/stm32cubeide/plugins/com.st.stm32cube.ide.mcu.externaltools.gnu-tools-for-stm32.10.3-2021.10.win32_1.0.100.202210260954/tools/bin/../lib/gcc/arm-none-eabi/10.3.1/thumb/v7e-m+fp/hard/crtbegin.o
LOAD c:/st/stm32cubeide_1.11.0/stm32cubeide/plugins/com.st.stm32cube.ide.mcu.externaltools.gnu-tools-for-stm32.10.3-2021.10.win32_1.0.100.202210260954/tools/bin/../lib/gcc/arm-none-eabi/10.3.1/../../../../arm-none-eabi/lib/thumb/v7e-m+fp/hard/crt0.o
LOAD ./Core/Src/main.o
LOAD ./Core/Src/stm32f4xx_hal_msp.o
LOAD ./Core/Src/stm32f4xx_it.o
LOAD ./Core/Src/sysmem.o
LOAD ./Core/Src/system_stm32f4xx.o
LOAD ./Core/Startup/startup_stm32f407vgtx.o
LOAD ./Drivers/STM32F4xx_HAL_Driver/Src/stm32f4xx_hal.o
LOAD ./Drivers/STM32F4xx_HAL_Driver/Src/stm32f4xx_hal_cortex.o
LOAD ./Drivers/STM32F4xx_HAL_Driver/Src/stm32f4xx_hal_crc.o
LOAD ./Drivers/STM32F4xx_HAL_Driver/Src/stm32f4xx_hal_dma.o
LOAD ./Drivers/STM32F4xx_HAL_Driver/Src/stm32f4xx_hal_dma_ex.o
LOAD ./Drivers/STM32F4xx_HAL_Driver/Src/stm32f4xx_hal_exti.o
LOAD ./Drivers/STM32F4xx_HAL_Driver/Src/stm32f4xx_hal_flash.o
LOAD ./Drivers/STM32F4xx_HAL_Driver/Src/stm32f4xx_hal_flash_ex.o
LOAD ./Drivers/STM32F4xx_HAL_Driver/Src/stm32f4xx_hal_flash_ramfunc.o
LOAD ./Drivers/STM32F4xx_HAL_Driver/Src/stm32f4xx_hal_gpio.o
LOAD ./Drivers/STM32F4xx_HAL_Driver/Src/stm32f4xx_hal_pwr.o
LOAD ./Drivers/STM32F4xx_HAL_Driver/Src/stm32f4xx_hal_pwr_ex.o
LOAD ./Drivers/STM32F4xx_HAL_Driver/Src/stm32f4xx_hal_rcc.o
LOAD ./Drivers/STM32F4xx_HAL_Driver/Src/stm32f4xx_hal_rcc_ex.o
LOAD ./X-CUBE-AI/App/activity_detection.o
LOAD ./X-CUBE-AI/App/activity_detection_data.o
LOAD ./X-CUBE-AI/App/activity_detection_data_params.o
LOAD ../Middlewares/ST/AI/Lib\NetworkRuntime800_CM4_GCC.a
START GROUP
LOAD c:/st/stm32cubeide_1.11.0/stm32cubeide/plugins/com.st.stm32cube.ide.mcu.externaltools.gnu-tools-for-stm32.10.3-2021.10.win32_1.0.100.202210260954/tools/bin/../lib/gcc/arm-none-eabi/10.3.1/../../../../arm-none-eabi/lib/thumb/v7e-m+fp/hard\libc_nano.a
LOAD c:/st/stm32cubeide_1.11.0/stm32cubeide/plugins/com.st.stm32cube.ide.mcu.externaltools.gnu-tools-for-stm32.10.3-2021.10.win32_1.0.100.202210260954/tools/bin/../lib/gcc/arm-none-eabi/10.3.1/../../../../arm-none-eabi/lib/thumb/v7e-m+fp/hard\libm.a
END GROUP
START GROUP
LOAD c:/st/stm32cubeide_1.11.0/stm32cubeide/plugins/com.st.stm32cube.ide.mcu.externaltools.gnu-tools-for-stm32.10.3-2021.10.win32_1.0.100.202210260954/tools/bin/../lib/gcc/arm-none-eabi/10.3.1/thumb/v7e-m+fp/hard\libgcc.a
LOAD c:/st/stm32cubeide_1.11.0/stm32cubeide/plugins/com.st.stm32cube.ide.mcu.externaltools.gnu-tools-for-stm32.10.3-2021.10.win32_1.0.100.202210260954/tools/bin/../lib/gcc/arm-none-eabi/10.3.1/../../../../arm-none-eabi/lib/thumb/v7e-m+fp/hard\libc_nano.a
END GROUP
START GROUP
LOAD c:/st/stm32cubeide_1.11.0/stm32cubeide/plugins/com.st.stm32cube.ide.mcu.externaltools.gnu-tools-for-stm32.10.3-2021.10.win32_1.0.100.202210260954/tools/bin/../lib/gcc/arm-none-eabi/10.3.1/thumb/v7e-m+fp/hard\libgcc.a
LOAD c:/st/stm32cubeide_1.11.0/stm32cubeide/plugins/com.st.stm32cube.ide.mcu.externaltools.gnu-tools-for-stm32.10.3-2021.10.win32_1.0.100.202210260954/tools/bin/../lib/gcc/arm-none-eabi/10.3.1/../../../../arm-none-eabi/lib/thumb/v7e-m+fp/hard\libc_nano.a
LOAD c:/st/stm32cubeide_1.11.0/stm32cubeide/plugins/com.st.stm32cube.ide.mcu.externaltools.gnu-tools-for-stm32.10.3-2021.10.win32_1.0.100.202210260954/tools/bin/../lib/gcc/arm-none-eabi/10.3.1/../../../../arm-none-eabi/lib/thumb/v7e-m+fp/hard\libnosys.a
END GROUP
START GROUP
LOAD c:/st/stm32cubeide_1.11.0/stm32cubeide/plugins/com.st.stm32cube.ide.mcu.externaltools.gnu-tools-for-stm32.10.3-2021.10.win32_1.0.100.202210260954/tools/bin/../lib/gcc/arm-none-eabi/10.3.1/thumb/v7e-m+fp/hard\libgcc.a
LOAD c:/st/stm32cubeide_1.11.0/stm32cubeide/plugins/com.st.stm32cube.ide.mcu.externaltools.gnu-tools-for-stm32.10.3-2021.10.win32_1.0.100.202210260954/tools/bin/../lib/gcc/arm-none-eabi/10.3.1/../../../../arm-none-eabi/lib/thumb/v7e-m+fp/hard\libc_nano.a
LOAD c:/st/stm32cubeide_1.11.0/stm32cubeide/plugins/com.st.stm32cube.ide.mcu.externaltools.gnu-tools-for-stm32.10.3-2021.10.win32_1.0.100.202210260954/tools/bin/../lib/gcc/arm-none-eabi/10.3.1/../../../../arm-none-eabi/lib/thumb/v7e-m+fp/hard\libnosys.a
END GROUP
LOAD c:/st/stm32cubeide_1.11.0/stm32cubeide/plugins/com.st.stm32cube.ide.mcu.externaltools.gnu-tools-for-stm32.10.3-2021.10.win32_1.0.100.202210260954/tools/bin/../lib/gcc/arm-none-eabi/10.3.1/thumb/v7e-m+fp/hard/crtend.o
LOAD c:/st/stm32cubeide_1.11.0/stm32cubeide/plugins/com.st.stm32cube.ide.mcu.externaltools.gnu-tools-for-stm32.10.3-2021.10.win32_1.0.100.202210260954/tools/bin/../lib/gcc/arm-none-eabi/10.3.1/thumb/v7e-m+fp/hard/crtn.o
                0x000000002001c000                _estack = (ORIGIN (RAM) + LENGTH (RAM))
                0x0000000000000800                _Min_Heap_Size = 0x800
                0x0000000000000800                _Min_Stack_Size = 0x800

.isr_vector     0x0000000008000000      0x188
                0x0000000008000000                . = ALIGN (0x4)
 *(.isr_vector)
 .isr_vector    0x0000000008000000      0x188 ./Core/Startup/startup_stm32f407vgtx.o
                0x0000000008000000                g_pfnVectors
                0x0000000008000188                . = ALIGN (0x4)

.text           0x0000000008000188      0x600
                0x0000000008000188                . = ALIGN (0x4)
 *(.text)
 .text          0x0000000008000188       0x40 c:/st/stm32cubeide_1.11.0/stm32cubeide/plugins/com.st.stm32cube.ide.mcu.externaltools.gnu-tools-for-stm32.10.3-2021.10.win32_1.0.100.202210260954/tools/bin/../lib/gcc/arm-none-eabi/10.3.1/thumb/v7e-m+fp/hard/crtbegin.o
 *(.text*)
 .text.GPIO_Init
                0x00000000080001c8       0x90 ./Core/Src/main.o
                0x00000000080001c8                GPIO_Init
 .text.SPI_Init
                0x0000000008000258       0xac ./Core/Src/main.o
                0x0000000008000258                SPI_Init
 .text.SPI_Transmit
                0x0000000008000304       0x50 ./Core/Src/main.o
                0x0000000008000304                SPI_Transmit
 .text.SPI_Receive
                0x0000000008000354       0x54 ./Core/Src/main.o
                0x0000000008000354                SPI_Receive
 .text.LIS_Write
                0x00000000080003a8       0x44 ./Core/Src/main.o
                0x00000000080003a8                LIS_Write
 .text.LIS_Init
                0x00000000080003ec       0x10 ./Core/Src/main.o
                0x00000000080003ec                LIS_Init
 .text.LIS_Read
                0x00000000080003fc       0x40 ./Core/Src/main.o
                0x00000000080003fc                LIS_Read
 .text.TIM4_ms_Delay
                0x000000000800043c       0x64 ./Core/Src/main.o
                0x000000000800043c                TIM4_ms_Delay
 .text.Convert_To_Val
                0x00000000080004a0       0x74 ./Core/Src/main.o
                0x00000000080004a0                Convert_To_Val
 .text.main     0x0000000008000514      0x120 ./Core/Src/main.o
                0x0000000008000514                main
 .text.NMI_Handler
                0x0000000008000634        0x6 ./Core/Src/stm32f4xx_it.o
                0x0000000008000634                NMI_Handler
 .text.HardFault_Handler
                0x000000000800063a        0x6 ./Core/Src/stm32f4xx_it.o
                0x000000000800063a                HardFault_Handler
 .text.MemManage_Handler
                0x0000000008000640        0x6 ./Core/Src/stm32f4xx_it.o
                0x0000000008000640                MemManage_Handler
 .text.BusFault_Handler
                0x0000000008000646        0x6 ./Core/Src/stm32f4xx_it.o
                0x0000000008000646                BusFault_Handler
 .text.UsageFault_Handler
                0x000000000800064c        0x6 ./Core/Src/stm32f4xx_it.o
                0x000000000800064c                UsageFault_Handler
 .text.SVC_Handler
                0x0000000008000652        0xe ./Core/Src/stm32f4xx_it.o
                0x0000000008000652                SVC_Handler
 .text.DebugMon_Handler
                0x0000000008000660        0xe ./Core/Src/stm32f4xx_it.o
                0x0000000008000660                DebugMon_Handler
 .text.PendSV_Handler
                0x000000000800066e        0xe ./Core/Src/stm32f4xx_it.o
                0x000000000800066e                PendSV_Handler
 .text.SysTick_Handler
                0x000000000800067c        0xc ./Core/Src/stm32f4xx_it.o
                0x000000000800067c                SysTick_Handler
 .text.SystemInit
                0x0000000008000688       0x24 ./Core/Src/system_stm32f4xx.o
                0x0000000008000688                SystemInit
 .text.Reset_Handler
                0x00000000080006ac       0x50 ./Core/Startup/startup_stm32f407vgtx.o
                0x00000000080006ac                Reset_Handler
 .text.Default_Handler
                0x00000000080006fc        0x2 ./Core/Startup/startup_stm32f407vgtx.o
                0x00000000080006fc                RTC_Alarm_IRQHandler
                0x00000000080006fc                HASH_RNG_IRQHandler
                0x00000000080006fc                EXTI2_IRQHandler
                0x00000000080006fc                TIM8_CC_IRQHandler
                0x00000000080006fc                TIM1_CC_IRQHandler
                0x00000000080006fc                DMA2_Stream5_IRQHandler
                0x00000000080006fc                DMA1_Stream5_IRQHandler
                0x00000000080006fc                PVD_IRQHandler
                0x00000000080006fc                SDIO_IRQHandler
                0x00000000080006fc                TAMP_STAMP_IRQHandler
                0x00000000080006fc                CAN2_RX1_IRQHandler
                0x00000000080006fc                EXTI3_IRQHandler
                0x00000000080006fc                TIM8_TRG_COM_TIM14_IRQHandler
                0x00000000080006fc                TIM1_UP_TIM10_IRQHandler
                0x00000000080006fc                TIM8_UP_TIM13_IRQHandler
                0x00000000080006fc                I2C3_ER_IRQHandler
                0x00000000080006fc                EXTI0_IRQHandler
                0x00000000080006fc                I2C2_EV_IRQHandler
                0x00000000080006fc                DMA1_Stream2_IRQHandler
                0x00000000080006fc                CAN1_RX0_IRQHandler
                0x00000000080006fc                FPU_IRQHandler
                0x00000000080006fc                OTG_HS_WKUP_IRQHandler
                0x00000000080006fc                CAN2_SCE_IRQHandler
                0x00000000080006fc                DMA2_Stream2_IRQHandler
                0x00000000080006fc                SPI1_IRQHandler
                0x00000000080006fc                TIM6_DAC_IRQHandler
                0x00000000080006fc                TIM1_BRK_TIM9_IRQHandler
                0x00000000080006fc                DCMI_IRQHandler
                0x00000000080006fc                CAN2_RX0_IRQHandler
                0x00000000080006fc                DMA2_Stream3_IRQHandler
                0x00000000080006fc                USART6_IRQHandler
                0x00000000080006fc                USART3_IRQHandler
                0x00000000080006fc                CAN1_RX1_IRQHandler
                0x00000000080006fc                UART5_IRQHandler
                0x00000000080006fc                DMA2_Stream0_IRQHandler
                0x00000000080006fc                TIM4_IRQHandler
                0x00000000080006fc                I2C1_EV_IRQHandler
                0x00000000080006fc                DMA1_Stream6_IRQHandler
                0x00000000080006fc                DMA1_Stream1_IRQHandler
                0x00000000080006fc                UART4_IRQHandler
                0x00000000080006fc                TIM3_IRQHandler
                0x00000000080006fc                RCC_IRQHandler
                0x00000000080006fc                TIM8_BRK_TIM12_IRQHandler
                0x00000000080006fc                Default_Handler
                0x00000000080006fc                EXTI15_10_IRQHandler
                0x00000000080006fc                ADC_IRQHandler
                0x00000000080006fc                DMA1_Stream7_IRQHandler
                0x00000000080006fc                TIM7_IRQHandler
                0x00000000080006fc                CAN2_TX_IRQHandler
                0x00000000080006fc                TIM5_IRQHandler
                0x00000000080006fc                DMA2_Stream7_IRQHandler
                0x00000000080006fc                I2C3_EV_IRQHandler
                0x00000000080006fc                EXTI9_5_IRQHandler
                0x00000000080006fc                RTC_WKUP_IRQHandler
                0x00000000080006fc                ETH_WKUP_IRQHandler
                0x00000000080006fc                SPI2_IRQHandler
                0x00000000080006fc                OTG_HS_EP1_IN_IRQHandler
                0x00000000080006fc                DMA1_Stream0_IRQHandler
                0x00000000080006fc                CAN1_TX_IRQHandler
                0x00000000080006fc                EXTI4_IRQHandler
                0x00000000080006fc                FSMC_IRQHandler
                0x00000000080006fc                ETH_IRQHandler
                0x00000000080006fc                OTG_HS_EP1_OUT_IRQHandler
                0x00000000080006fc                WWDG_IRQHandler
                0x00000000080006fc                TIM2_IRQHandler
                0x00000000080006fc                OTG_FS_WKUP_IRQHandler
                0x00000000080006fc                TIM1_TRG_COM_TIM11_IRQHandler
                0x00000000080006fc                OTG_HS_IRQHandler
                0x00000000080006fc                EXTI1_IRQHandler
                0x00000000080006fc                USART2_IRQHandler
                0x00000000080006fc                I2C2_ER_IRQHandler
                0x00000000080006fc                DMA2_Stream1_IRQHandler
                0x00000000080006fc                CAN1_SCE_IRQHandler
                0x00000000080006fc                FLASH_IRQHandler
                0x00000000080006fc                DMA2_Stream4_IRQHandler
                0x00000000080006fc                USART1_IRQHandler
                0x00000000080006fc                OTG_FS_IRQHandler
                0x00000000080006fc                SPI3_IRQHandler
                0x00000000080006fc                DMA1_Stream4_IRQHandler
                0x00000000080006fc                I2C1_ER_IRQHandler
                0x00000000080006fc                DMA2_Stream6_IRQHandler
                0x00000000080006fc                DMA1_Stream3_IRQHandler
 *fill*         0x00000000080006fe        0x2 
 .text.HAL_IncTick
                0x0000000008000700       0x28 ./Drivers/STM32F4xx_HAL_Driver/Src/stm32f4xx_hal.o
                0x0000000008000700                HAL_IncTick
 .text.__libc_init_array
                0x0000000008000728       0x48 c:/st/stm32cubeide_1.11.0/stm32cubeide/plugins/com.st.stm32cube.ide.mcu.externaltools.gnu-tools-for-stm32.10.3-2021.10.win32_1.0.100.202210260954/tools/bin/../lib/gcc/arm-none-eabi/10.3.1/../../../../arm-none-eabi/lib/thumb/v7e-m+fp/hard\libc_nano.a(lib_a-init.o)
                0x0000000008000728                __libc_init_array
 *(.glue_7)
 .glue_7        0x0000000008000770        0x0 linker stubs
 *(.glue_7t)
 .glue_7t       0x0000000008000770        0x0 linker stubs
 *(.eh_frame)
 .eh_frame      0x0000000008000770        0x0 c:/st/stm32cubeide_1.11.0/stm32cubeide/plugins/com.st.stm32cube.ide.mcu.externaltools.gnu-tools-for-stm32.10.3-2021.10.win32_1.0.100.202210260954/tools/bin/../lib/gcc/arm-none-eabi/10.3.1/thumb/v7e-m+fp/hard/crtbegin.o
 *(.init)
 .init          0x0000000008000770        0x4 c:/st/stm32cubeide_1.11.0/stm32cubeide/plugins/com.st.stm32cube.ide.mcu.externaltools.gnu-tools-for-stm32.10.3-2021.10.win32_1.0.100.202210260954/tools/bin/../lib/gcc/arm-none-eabi/10.3.1/thumb/v7e-m+fp/hard/crti.o
                0x0000000008000770                _init
 .init          0x0000000008000774        0x8 c:/st/stm32cubeide_1.11.0/stm32cubeide/plugins/com.st.stm32cube.ide.mcu.externaltools.gnu-tools-for-stm32.10.3-2021.10.win32_1.0.100.202210260954/tools/bin/../lib/gcc/arm-none-eabi/10.3.1/thumb/v7e-m+fp/hard/crtn.o
 *(.fini)
 .fini          0x000000000800077c        0x4 c:/st/stm32cubeide_1.11.0/stm32cubeide/plugins/com.st.stm32cube.ide.mcu.externaltools.gnu-tools-for-stm32.10.3-2021.10.win32_1.0.100.202210260954/tools/bin/../lib/gcc/arm-none-eabi/10.3.1/thumb/v7e-m+fp/hard/crti.o
                0x000000000800077c                _fini
 .fini          0x0000000008000780        0x8 c:/st/stm32cubeide_1.11.0/stm32cubeide/plugins/com.st.stm32cube.ide.mcu.externaltools.gnu-tools-for-stm32.10.3-2021.10.win32_1.0.100.202210260954/tools/bin/../lib/gcc/arm-none-eabi/10.3.1/thumb/v7e-m+fp/hard/crtn.o
                0x0000000008000788                . = ALIGN (0x4)
                0x0000000008000788                _etext = .

.vfp11_veneer   0x0000000008000788        0x0
 .vfp11_veneer  0x0000000008000788        0x0 linker stubs

.v4_bx          0x0000000008000788        0x0
 .v4_bx         0x0000000008000788        0x0 linker stubs

.iplt           0x0000000008000788        0x0
 .iplt          0x0000000008000788        0x0 c:/st/stm32cubeide_1.11.0/stm32cubeide/plugins/com.st.stm32cube.ide.mcu.externaltools.gnu-tools-for-stm32.10.3-2021.10.win32_1.0.100.202210260954/tools/bin/../lib/gcc/arm-none-eabi/10.3.1/thumb/v7e-m+fp/hard/crtbegin.o

.rel.dyn        0x0000000008000788        0x0
 .rel.iplt      0x0000000008000788        0x0 c:/st/stm32cubeide_1.11.0/stm32cubeide/plugins/com.st.stm32cube.ide.mcu.externaltools.gnu-tools-for-stm32.10.3-2021.10.win32_1.0.100.202210260954/tools/bin/../lib/gcc/arm-none-eabi/10.3.1/thumb/v7e-m+fp/hard/crtbegin.o

.rodata         0x0000000008000788        0x0
                0x0000000008000788                . = ALIGN (0x4)
 *(.rodata)
 *(.rodata*)
                0x0000000008000788                . = ALIGN (0x4)

.ARM.extab      0x0000000008000788        0x0
                0x0000000008000788                . = ALIGN (0x4)
 *(.ARM.extab* .gnu.linkonce.armextab.*)
                0x0000000008000788                . = ALIGN (0x4)

.ARM            0x0000000008000788        0x0
                0x0000000008000788                . = ALIGN (0x4)
                0x0000000008000788                __exidx_start = .
 *(.ARM.exidx*)
                0x0000000008000788                __exidx_end = .
                0x0000000008000788                . = ALIGN (0x4)

.preinit_array  0x0000000008000788        0x0
                0x0000000008000788                . = ALIGN (0x4)
                0x0000000008000788                PROVIDE (__preinit_array_start = .)
 *(.preinit_array*)
                0x0000000008000788                PROVIDE (__preinit_array_end = .)
                0x0000000008000788                . = ALIGN (0x4)

.init_array     0x0000000008000788        0x4
                0x0000000008000788                . = ALIGN (0x4)
                0x0000000008000788                PROVIDE (__init_array_start = .)
 *(SORT_BY_NAME(.init_array.*))
 *(.init_array*)
 .init_array    0x0000000008000788        0x4 c:/st/stm32cubeide_1.11.0/stm32cubeide/plugins/com.st.stm32cube.ide.mcu.externaltools.gnu-tools-for-stm32.10.3-2021.10.win32_1.0.100.202210260954/tools/bin/../lib/gcc/arm-none-eabi/10.3.1/thumb/v7e-m+fp/hard/crtbegin.o
                0x000000000800078c                PROVIDE (__init_array_end = .)
                0x000000000800078c                . = ALIGN (0x4)

.fini_array     0x000000000800078c        0x4
                0x000000000800078c                . = ALIGN (0x4)
                [!provide]                        PROVIDE (__fini_array_start = .)
 *(SORT_BY_NAME(.fini_array.*))
 *(.fini_array*)
 .fini_array    0x000000000800078c        0x4 c:/st/stm32cubeide_1.11.0/stm32cubeide/plugins/com.st.stm32cube.ide.mcu.externaltools.gnu-tools-for-stm32.10.3-2021.10.win32_1.0.100.202210260954/tools/bin/../lib/gcc/arm-none-eabi/10.3.1/thumb/v7e-m+fp/hard/crtbegin.o
                [!provide]                        PROVIDE (__fini_array_end = .)
                0x0000000008000790                . = ALIGN (0x4)
                0x0000000008000790                _sidata = LOADADDR (.data)

.data           0x0000000020000000        0x4 load address 0x0000000008000790
                0x0000000020000000                . = ALIGN (0x4)
                0x0000000020000000                _sdata = .
 *(.data)
 *(.data*)
 .data.uwTickFreq
                0x0000000020000000        0x1 ./Drivers/STM32F4xx_HAL_Driver/Src/stm32f4xx_hal.o
                0x0000000020000000                uwTickFreq
 *(.RamFunc)
 *(.RamFunc*)
                0x0000000020000004                . = ALIGN (0x4)
 *fill*         0x0000000020000001        0x3 
                0x0000000020000004                _edata = .
                0x0000000008000794                _siccmram = LOADADDR (.ccmram)

.igot.plt       0x0000000020000004        0x0 load address 0x0000000008000794
 .igot.plt      0x0000000020000004        0x0 c:/st/stm32cubeide_1.11.0/stm32cubeide/plugins/com.st.stm32cube.ide.mcu.externaltools.gnu-tools-for-stm32.10.3-2021.10.win32_1.0.100.202210260954/tools/bin/../lib/gcc/arm-none-eabi/10.3.1/thumb/v7e-m+fp/hard/crtbegin.o

.ccmram         0x0000000010000000        0x0 load address 0x0000000008000794
                0x0000000010000000                . = ALIGN (0x4)
                0x0000000010000000                _sccmram = .
 *(.ccmram)
 *(.ccmram*)
                0x0000000010000000                . = ALIGN (0x4)
                0x0000000010000000                _eccmram = .
                0x0000000010000000                . = ALIGN (0x4)

.bss            0x0000000020000004       0x30
                0x0000000020000004                _sbss = .
                0x0000000020000004                __bss_start__ = _sbss
 *(.bss)
 .bss           0x0000000020000004       0x1c c:/st/stm32cubeide_1.11.0/stm32cubeide/plugins/com.st.stm32cube.ide.mcu.externaltools.gnu-tools-for-stm32.10.3-2021.10.win32_1.0.100.202210260954/tools/bin/../lib/gcc/arm-none-eabi/10.3.1/thumb/v7e-m+fp/hard/crtbegin.o
 *(.bss*)
 .bss.x         0x0000000020000020        0x2 ./Core/Src/main.o
                0x0000000020000020                x
 .bss.y         0x0000000020000022        0x2 ./Core/Src/main.o
                0x0000000020000022                y
 .bss.z         0x0000000020000024        0x2 ./Core/Src/main.o
                0x0000000020000024                z
 .bss.x_final   0x0000000020000026        0x2 ./Core/Src/main.o
                0x0000000020000026                x_final
 .bss.y_final   0x0000000020000028        0x2 ./Core/Src/main.o
                0x0000000020000028                y_final
 .bss.rxd       0x000000002000002a        0x2 ./Core/Src/main.o
                0x000000002000002a                rxd
 .bss.rxdf      0x000000002000002c        0x2 ./Core/Src/main.o
                0x000000002000002c                rxdf
 *fill*         0x000000002000002e        0x2 
 .bss.uwTick    0x0000000020000030        0x4 ./Drivers/STM32F4xx_HAL_Driver/Src/stm32f4xx_hal.o
                0x0000000020000030                uwTick
 *(COMMON)
                0x0000000020000034                . = ALIGN (0x4)
                0x0000000020000034                _ebss = .
                0x0000000020000034                __bss_end__ = _ebss

._user_heap_stack
                0x0000000020000034     0x1004
                0x0000000020000038                . = ALIGN (0x8)
 *fill*         0x0000000020000034        0x4 
                [!provide]                        PROVIDE (end = .)
                0x0000000020000038                PROVIDE (_end = .)
                0x0000000020000838                . = (. + _Min_Heap_Size)
 *fill*         0x0000000020000038      0x800 
                0x0000000020001038                . = (. + _Min_Stack_Size)
 *fill*         0x0000000020000838      0x800 
                0x0000000020001038                . = ALIGN (0x8)

/DISCARD/
 libc.a(*)
 libm.a(*)
 libgcc.a(*)

.ARM.attributes
                0x0000000000000000       0x30
 *(.ARM.attributes)
 .ARM.attributes
                0x0000000000000000       0x1e c:/st/stm32cubeide_1.11.0/stm32cubeide/plugins/com.st.stm32cube.ide.mcu.externaltools.gnu-tools-for-stm32.10.3-2021.10.win32_1.0.100.202210260954/tools/bin/../lib/gcc/arm-none-eabi/10.3.1/thumb/v7e-m+fp/hard/crti.o
 .ARM.attributes
                0x000000000000001e       0x34 c:/st/stm32cubeide_1.11.0/stm32cubeide/plugins/com.st.stm32cube.ide.mcu.externaltools.gnu-tools-for-stm32.10.3-2021.10.win32_1.0.100.202210260954/tools/bin/../lib/gcc/arm-none-eabi/10.3.1/thumb/v7e-m+fp/hard/crtbegin.o
 .ARM.attributes
                0x0000000000000052       0x34 ./Core/Src/main.o
 .ARM.attributes
                0x0000000000000086       0x34 ./Core/Src/stm32f4xx_it.o
 .ARM.attributes
                0x00000000000000ba       0x34 ./Core/Src/system_stm32f4xx.o
 .ARM.attributes
                0x00000000000000ee       0x21 ./Core/Startup/startup_stm32f407vgtx.o
 .ARM.attributes
                0x000000000000010f       0x34 ./Drivers/STM32F4xx_HAL_Driver/Src/stm32f4xx_hal.o
 .ARM.attributes
                0x0000000000000143       0x34 c:/st/stm32cubeide_1.11.0/stm32cubeide/plugins/com.st.stm32cube.ide.mcu.externaltools.gnu-tools-for-stm32.10.3-2021.10.win32_1.0.100.202210260954/tools/bin/../lib/gcc/arm-none-eabi/10.3.1/../../../../arm-none-eabi/lib/thumb/v7e-m+fp/hard\libc_nano.a(lib_a-init.o)
 .ARM.attributes
                0x0000000000000177       0x1e c:/st/stm32cubeide_1.11.0/stm32cubeide/plugins/com.st.stm32cube.ide.mcu.externaltools.gnu-tools-for-stm32.10.3-2021.10.win32_1.0.100.202210260954/tools/bin/../lib/gcc/arm-none-eabi/10.3.1/thumb/v7e-m+fp/hard/crtn.o
OUTPUT(pedometer.elf elf32-littlearm)
LOAD linker stubs
LOAD c:/st/stm32cubeide_1.11.0/stm32cubeide/plugins/com.st.stm32cube.ide.mcu.externaltools.gnu-tools-for-stm32.10.3-2021.10.win32_1.0.100.202210260954/tools/bin/../lib/gcc/arm-none-eabi/10.3.1/../../../../arm-none-eabi/lib/thumb/v7e-m+fp/hard\libc.a
LOAD c:/st/stm32cubeide_1.11.0/stm32cubeide/plugins/com.st.stm32cube.ide.mcu.externaltools.gnu-tools-for-stm32.10.3-2021.10.win32_1.0.100.202210260954/tools/bin/../lib/gcc/arm-none-eabi/10.3.1/../../../../arm-none-eabi/lib/thumb/v7e-m+fp/hard\libm.a
LOAD c:/st/stm32cubeide_1.11.0/stm32cubeide/plugins/com.st.stm32cube.ide.mcu.externaltools.gnu-tools-for-stm32.10.3-2021.10.win32_1.0.100.202210260954/tools/bin/../lib/gcc/arm-none-eabi/10.3.1/thumb/v7e-m+fp/hard\libgcc.a

.debug_info     0x0000000000000000     0x16d5
 .debug_info    0x0000000000000000      0x6f3 ./Core/Src/main.o
 .debug_info    0x00000000000006f3      0x121 ./Core/Src/stm32f4xx_it.o
 .debug_info    0x0000000000000814      0x523 ./Core/Src/system_stm32f4xx.o
 .debug_info    0x0000000000000d37       0x22 ./Core/Startup/startup_stm32f407vgtx.o
 .debug_info    0x0000000000000d59      0x97c ./Drivers/STM32F4xx_HAL_Driver/Src/stm32f4xx_hal.o

.debug_abbrev   0x0000000000000000      0x54a
 .debug_abbrev  0x0000000000000000      0x1a1 ./Core/Src/main.o
 .debug_abbrev  0x00000000000001a1       0x74 ./Core/Src/stm32f4xx_it.o
 .debug_abbrev  0x0000000000000215      0x116 ./Core/Src/system_stm32f4xx.o
 .debug_abbrev  0x000000000000032b       0x12 ./Core/Startup/startup_stm32f407vgtx.o
 .debug_abbrev  0x000000000000033d      0x20d ./Drivers/STM32F4xx_HAL_Driver/Src/stm32f4xx_hal.o

.debug_aranges  0x0000000000000000      0x208
 .debug_aranges
                0x0000000000000000       0x68 ./Core/Src/main.o
 .debug_aranges
                0x0000000000000068       0x60 ./Core/Src/stm32f4xx_it.o
 .debug_aranges
                0x00000000000000c8       0x28 ./Core/Src/system_stm32f4xx.o
 .debug_aranges
                0x00000000000000f0       0x28 ./Core/Startup/startup_stm32f407vgtx.o
 .debug_aranges
                0x0000000000000118       0xf0 ./Drivers/STM32F4xx_HAL_Driver/Src/stm32f4xx_hal.o

.debug_ranges   0x0000000000000000      0x1c0
 .debug_ranges  0x0000000000000000       0x58 ./Core/Src/main.o
 .debug_ranges  0x0000000000000058       0x50 ./Core/Src/stm32f4xx_it.o
 .debug_ranges  0x00000000000000a8       0x18 ./Core/Src/system_stm32f4xx.o
 .debug_ranges  0x00000000000000c0       0x20 ./Core/Startup/startup_stm32f407vgtx.o
 .debug_ranges  0x00000000000000e0       0xe0 ./Drivers/STM32F4xx_HAL_Driver/Src/stm32f4xx_hal.o

.debug_macro    0x0000000000000000    0x1e6ef
 .debug_macro   0x0000000000000000      0x21d ./Core/Src/main.o
 .debug_macro   0x000000000000021d      0xa78 ./Core/Src/main.o
 .debug_macro   0x0000000000000c95       0x2e ./Core/Src/main.o
 .debug_macro   0x0000000000000cc3       0x2f ./Core/Src/main.o
 .debug_macro   0x0000000000000cf2       0x22 ./Core/Src/main.o
 .debug_macro   0x0000000000000d14       0x8e ./Core/Src/main.o
 .debug_macro   0x0000000000000da2       0x51 ./Core/Src/main.o
 .debug_macro   0x0000000000000df3      0x103 ./Core/Src/main.o
 .debug_macro   0x0000000000000ef6       0x6a ./Core/Src/main.o
 .debug_macro   0x0000000000000f60      0x1df ./Core/Src/main.o
 .debug_macro   0x000000000000113f       0x1c ./Core/Src/main.o
 .debug_macro   0x000000000000115b       0x22 ./Core/Src/main.o
 .debug_macro   0x000000000000117d       0xd9 ./Core/Src/main.o
 .debug_macro   0x0000000000001256     0x102d ./Core/Src/main.o
 .debug_macro   0x0000000000002283      0x11f ./Core/Src/main.o
 .debug_macro   0x00000000000023a2    0x15e82 ./Core/Src/main.o
 .debug_macro   0x0000000000018224       0x6d ./Core/Src/main.o
 .debug_macro   0x0000000000018291      0x295 ./Core/Src/main.o
 .debug_macro   0x0000000000018526     0x367e ./Core/Src/main.o
 .debug_macro   0x000000000001bba4      0x174 ./Core/Src/main.o
 .debug_macro   0x000000000001bd18       0x5c ./Core/Src/main.o
 .debug_macro   0x000000000001bd74      0x96b ./Core/Src/main.o
 .debug_macro   0x000000000001c6df      0x9fe ./Core/Src/main.o
 .debug_macro   0x000000000001d0dd      0x115 ./Core/Src/main.o
 .debug_macro   0x000000000001d1f2      0x13e ./Core/Src/main.o
 .debug_macro   0x000000000001d330       0xa5 ./Core/Src/main.o
 .debug_macro   0x000000000001d3d5      0x174 ./Core/Src/main.o
 .debug_macro   0x000000000001d549      0x287 ./Core/Src/main.o
 .debug_macro   0x000000000001d7d0       0x5f ./Core/Src/main.o
 .debug_macro   0x000000000001d82f      0x236 ./Core/Src/main.o
 .debug_macro   0x000000000001da65       0x22 ./Core/Src/main.o
 .debug_macro   0x000000000001da87      0x12c ./Core/Src/main.o
 .debug_macro   0x000000000001dbb3      0x21e ./Core/Src/main.o
 .debug_macro   0x000000000001ddd1       0x2e ./Core/Src/main.o
 .debug_macro   0x000000000001ddff      0x11a ./Core/Src/main.o
 .debug_macro   0x000000000001df19       0x7e ./Core/Src/main.o
 .debug_macro   0x000000000001df97       0x89 ./Core/Src/main.o
 .debug_macro   0x000000000001e020      0x12d ./Core/Src/main.o
 .debug_macro   0x000000000001e14d      0x1ce ./Core/Src/stm32f4xx_it.o
 .debug_macro   0x000000000001e31b      0x1ba ./Core/Src/system_stm32f4xx.o
 .debug_macro   0x000000000001e4d5      0x21a ./Drivers/STM32F4xx_HAL_Driver/Src/stm32f4xx_hal.o

.debug_line     0x0000000000000000     0x20f1
 .debug_line    0x0000000000000000      0x889 ./Core/Src/main.o
 .debug_line    0x0000000000000889      0x754 ./Core/Src/stm32f4xx_it.o
 .debug_line    0x0000000000000fdd      0x713 ./Core/Src/system_stm32f4xx.o
 .debug_line    0x00000000000016f0       0x88 ./Core/Startup/startup_stm32f407vgtx.o
 .debug_line    0x0000000000001778      0x979 ./Drivers/STM32F4xx_HAL_Driver/Src/stm32f4xx_hal.o

.debug_str      0x0000000000000000    0xbb7f2
 .debug_str     0x0000000000000000    0xbaab3 ./Core/Src/main.o
                                      0xbad72 (size before relaxing)
 .debug_str     0x00000000000baab3       0xd3 ./Core/Src/stm32f4xx_it.o
                                      0xbaacc (size before relaxing)
 .debug_str     0x00000000000bab86       0xdb ./Core/Src/system_stm32f4xx.o
                                      0xbabf6 (size before relaxing)
 .debug_str     0x00000000000bac61       0x36 ./Core/Startup/startup_stm32f407vgtx.o
                                         0x7a (size before relaxing)
 .debug_str     0x00000000000bac97      0xb5b ./Drivers/STM32F4xx_HAL_Driver/Src/stm32f4xx_hal.o
                                      0xbb77a (size before relaxing)

.comment        0x0000000000000000       0x50
 .comment       0x0000000000000000       0x50 ./Core/Src/main.o
                                         0x51 (size before relaxing)
 .comment       0x0000000000000050       0x51 ./Core/Src/stm32f4xx_it.o
 .comment       0x0000000000000050       0x51 ./Core/Src/system_stm32f4xx.o
 .comment       0x0000000000000050       0x51 ./Drivers/STM32F4xx_HAL_Driver/Src/stm32f4xx_hal.o

.debug_frame    0x0000000000000000      0x660
 .debug_frame   0x0000000000000000      0x164 ./Core/Src/main.o
 .debug_frame   0x0000000000000164      0x104 ./Core/Src/stm32f4xx_it.o
 .debug_frame   0x0000000000000268       0x58 ./Core/Src/system_stm32f4xx.o
 .debug_frame   0x00000000000002c0      0x374 ./Drivers/STM32F4xx_HAL_Driver/Src/stm32f4xx_hal.o
 .debug_frame   0x0000000000000634       0x2c c:/st/stm32cubeide_1.11.0/stm32cubeide/plugins/com.st.stm32cube.ide.mcu.externaltools.gnu-tools-for-stm32.10.3-2021.10.win32_1.0.100.202210260954/tools/bin/../lib/gcc/arm-none-eabi/10.3.1/../../../../arm-none-eabi/lib/thumb/v7e-m+fp/hard\libc_nano.a(lib_a-init.o)
